// Jest Snapshot v1, https://goo.gl/fbAQLP

exports[`index testMessage 1`] = `
<body>
  <div
    id="app"
  >
    hello TypeScript works
  </div>
</body>
`;
